// Jest Snapshot v1, https://goo.gl/fbAQLP

exports[`< Counter />  renders correctly 1`] = `
<div
  id="clickCount"
>
  <button
    className="clicker"
    id="clickdown"
    onClick={[Function]}
  >
    -1
  </button>
  <h4
    className="counter "
    id="counter"
  >
    0
  </h4>
  <button
    className="clicker"
    id="clickup"
    onClick={[Function]}
  >
    +1
  </button>
</div>
`;
